---
source: backend/crates/anecho-dsp/tests/golden.rs
assertion_line: 110
expression: "((r.imd_pct * 1e6).round() / 1e6,\nr.products.iter().map(|(hz, db)| (r3(*hz), r3(*db))).collect::<Vec<_>>())"
---
[
  0.000001,
  [
    [
      6940.0,
      -175.39
    ],
    [
      7060.0,
      -166.71
    ],
    [
      6880.0,
      -169.009
    ],
    [
      7120.0,
      -168.28
    ],
    [
      6820.0,
      -174.27
    ],
    [
      7180.0,
      -168.84
    ],
    [
      6760.0,
      -170.219
    ],
    [
      7240.0,
      -177.408
    ]
  ]
]
